---
source: src/parse/parser.rs
description: "println(\"Hello, World\")\n"
input_file: test_programs/err_parse/missing_semicolon_statement.blis
---
ParseErrors([
  Syntax(SyntaxError(
    expected: Semicolon,
    actual: Some(LexemeOwned(
      token: Eof,
      text: "",
      line: 2,
    )),
  )),
])
