---
source: src/parse/parser.rs
description: "let v = 1 + 2 - (3 * 4 / 5 * 6) + 7;\nprintln(v);\n\nprintln( 22 %  7);\nprintln(-22 %  7);\nprintln(-22 % -7);\nprintln( 22 % -7);\nprintln( 1.23 %  1.0);\nprintln(-1.23 %  1.0);\nprintln(-1.23 % -1.0);\nprintln( 1.23 % -1.0);\nprintln( 22/7 %  1);\nprintln(-22/7 %  1);\nprintln(-22/7 % -1);\nprintln( 22/7 % -1);\n\nprintln(0 == 1);\nprintln(0 != 1);\nprintln(0 <  1);\nprintln(0 <= 1);\nprintln(0 >  1);\nprintln(0 >= 1);\n"
input_file: test_programs/math.blis
---
Program(
  decls: [
    Let(Let(
      ident: Identifier(
        name: "v",
      ),
      expr: LogicOr(LogicOr(
        first: LogicAnd(
          first: Value(Value(Add(Sub(Add(Value(Value(Value(Value(Atom(Literal(Integer((1, [
            1,
          ])))))))), Value(Value(Value(Atom(Literal(Integer((1, [
            2,
          ])))))))), Value(Value(Value(Group(LogicOr(LogicOr(
            first: LogicAnd(
              first: Value(Value(Value(Mul(Div(Mul(Value(Value(Value(Atom(Literal(Integer((1, [
                3,
              ]))))))), Value(Value(Atom(Literal(Integer((1, [
                4,
              ]))))))), Value(Value(Atom(Literal(Integer((1, [
                5,
              ]))))))), Value(Value(Atom(Literal(Integer((1, [
                6,
              ])))))))))),
              rest: [],
            ),
            rest: [],
          ))))))), Value(Value(Value(Atom(Literal(Integer((1, [
            7,
          ])))))))))),
          rest: [],
        ),
        rest: [],
      )),
    )),
    Statement(Expression(LogicOr(LogicOr(
      first: LogicAnd(
        first: Value(Value(Value(Value(Value(Call(Value(Atom(Identifier(Identifier(
          name: "println",
        )))), [
          LogicOr(LogicOr(
            first: LogicAnd(
              first: Value(Value(Value(Value(Value(Value(Atom(Identifier(Identifier(
                name: "v",
              ))))))))),
              rest: [],
            ),
            rest: [],
          )),
        ])))))),
        rest: [],
      ),
      rest: [],
    )))),
    Statement(Expression(LogicOr(LogicOr(
      first: LogicAnd(
        first: Value(Value(Value(Value(Value(Call(Value(Atom(Identifier(Identifier(
          name: "println",
        )))), [
          LogicOr(LogicOr(
            first: LogicAnd(
              first: Value(Value(Value(Rem(Value(Value(Value(Atom(Literal(Integer((1, [
                22,
              ]))))))), Value(Value(Atom(Literal(Integer((1, [
                7,
              ])))))))))),
              rest: [],
            ),
            rest: [],
          )),
        ])))))),
        rest: [],
      ),
      rest: [],
    )))),
    Statement(Expression(LogicOr(LogicOr(
      first: LogicAnd(
        first: Value(Value(Value(Value(Value(Call(Value(Atom(Identifier(Identifier(
          name: "println",
        )))), [
          LogicOr(LogicOr(
            first: LogicAnd(
              first: Value(Value(Value(Rem(Value(Neg(Value(Value(Atom(Literal(Integer((1, [
                22,
              ])))))))), Value(Value(Atom(Literal(Integer((1, [
                7,
              ])))))))))),
              rest: [],
            ),
            rest: [],
          )),
        ])))))),
        rest: [],
      ),
      rest: [],
    )))),
    Statement(Expression(LogicOr(LogicOr(
      first: LogicAnd(
        first: Value(Value(Value(Value(Value(Call(Value(Atom(Identifier(Identifier(
          name: "println",
        )))), [
          LogicOr(LogicOr(
            first: LogicAnd(
              first: Value(Value(Value(Rem(Value(Neg(Value(Value(Atom(Literal(Integer((1, [
                22,
              ])))))))), Neg(Value(Value(Atom(Literal(Integer((1, [
                7,
              ]))))))))))),
              rest: [],
            ),
            rest: [],
          )),
        ])))))),
        rest: [],
      ),
      rest: [],
    )))),
    Statement(Expression(LogicOr(LogicOr(
      first: LogicAnd(
        first: Value(Value(Value(Value(Value(Call(Value(Atom(Identifier(Identifier(
          name: "println",
        )))), [
          LogicOr(LogicOr(
            first: LogicAnd(
              first: Value(Value(Value(Rem(Value(Value(Value(Atom(Literal(Integer((1, [
                22,
              ]))))))), Neg(Value(Value(Atom(Literal(Integer((1, [
                7,
              ]))))))))))),
              rest: [],
            ),
            rest: [],
          )),
        ])))))),
        rest: [],
      ),
      rest: [],
    )))),
    Statement(Expression(LogicOr(LogicOr(
      first: LogicAnd(
        first: Value(Value(Value(Value(Value(Call(Value(Atom(Identifier(Identifier(
          name: "println",
        )))), [
          LogicOr(LogicOr(
            first: LogicAnd(
              first: Value(Value(Value(Rem(Value(Value(Value(Atom(Literal(Float(1.23)))))), Value(Value(Atom(Literal(Float(1.0))))))))),
              rest: [],
            ),
            rest: [],
          )),
        ])))))),
        rest: [],
      ),
      rest: [],
    )))),
    Statement(Expression(LogicOr(LogicOr(
      first: LogicAnd(
        first: Value(Value(Value(Value(Value(Call(Value(Atom(Identifier(Identifier(
          name: "println",
        )))), [
          LogicOr(LogicOr(
            first: LogicAnd(
              first: Value(Value(Value(Rem(Value(Neg(Value(Value(Atom(Literal(Float(1.23))))))), Value(Value(Atom(Literal(Float(1.0))))))))),
              rest: [],
            ),
            rest: [],
          )),
        ])))))),
        rest: [],
      ),
      rest: [],
    )))),
    Statement(Expression(LogicOr(LogicOr(
      first: LogicAnd(
        first: Value(Value(Value(Value(Value(Call(Value(Atom(Identifier(Identifier(
          name: "println",
        )))), [
          LogicOr(LogicOr(
            first: LogicAnd(
              first: Value(Value(Value(Rem(Value(Neg(Value(Value(Atom(Literal(Float(1.23))))))), Neg(Value(Value(Atom(Literal(Float(1.0)))))))))),
              rest: [],
            ),
            rest: [],
          )),
        ])))))),
        rest: [],
      ),
      rest: [],
    )))),
    Statement(Expression(LogicOr(LogicOr(
      first: LogicAnd(
        first: Value(Value(Value(Value(Value(Call(Value(Atom(Identifier(Identifier(
          name: "println",
        )))), [
          LogicOr(LogicOr(
            first: LogicAnd(
              first: Value(Value(Value(Rem(Value(Value(Value(Atom(Literal(Float(1.23)))))), Neg(Value(Value(Atom(Literal(Float(1.0)))))))))),
              rest: [],
            ),
            rest: [],
          )),
        ])))))),
        rest: [],
      ),
      rest: [],
    )))),
    Statement(Expression(LogicOr(LogicOr(
      first: LogicAnd(
        first: Value(Value(Value(Value(Value(Call(Value(Atom(Identifier(Identifier(
          name: "println",
        )))), [
          LogicOr(LogicOr(
            first: LogicAnd(
              first: Value(Value(Value(Rem(Div(Value(Value(Value(Atom(Literal(Integer((1, [
                22,
              ]))))))), Value(Value(Atom(Literal(Integer((1, [
                7,
              ]))))))), Value(Value(Atom(Literal(Integer((1, [
                1,
              ])))))))))),
              rest: [],
            ),
            rest: [],
          )),
        ])))))),
        rest: [],
      ),
      rest: [],
    )))),
    Statement(Expression(LogicOr(LogicOr(
      first: LogicAnd(
        first: Value(Value(Value(Value(Value(Call(Value(Atom(Identifier(Identifier(
          name: "println",
        )))), [
          LogicOr(LogicOr(
            first: LogicAnd(
              first: Value(Value(Value(Rem(Div(Value(Neg(Value(Value(Atom(Literal(Integer((1, [
                22,
              ])))))))), Value(Value(Atom(Literal(Integer((1, [
                7,
              ]))))))), Value(Value(Atom(Literal(Integer((1, [
                1,
              ])))))))))),
              rest: [],
            ),
            rest: [],
          )),
        ])))))),
        rest: [],
      ),
      rest: [],
    )))),
    Statement(Expression(LogicOr(LogicOr(
      first: LogicAnd(
        first: Value(Value(Value(Value(Value(Call(Value(Atom(Identifier(Identifier(
          name: "println",
        )))), [
          LogicOr(LogicOr(
            first: LogicAnd(
              first: Value(Value(Value(Rem(Div(Value(Neg(Value(Value(Atom(Literal(Integer((1, [
                22,
              ])))))))), Value(Value(Atom(Literal(Integer((1, [
                7,
              ]))))))), Neg(Value(Value(Atom(Literal(Integer((1, [
                1,
              ]))))))))))),
              rest: [],
            ),
            rest: [],
          )),
        ])))))),
        rest: [],
      ),
      rest: [],
    )))),
    Statement(Expression(LogicOr(LogicOr(
      first: LogicAnd(
        first: Value(Value(Value(Value(Value(Call(Value(Atom(Identifier(Identifier(
          name: "println",
        )))), [
          LogicOr(LogicOr(
            first: LogicAnd(
              first: Value(Value(Value(Rem(Div(Value(Value(Value(Atom(Literal(Integer((1, [
                22,
              ]))))))), Value(Value(Atom(Literal(Integer((1, [
                7,
              ]))))))), Neg(Value(Value(Atom(Literal(Integer((1, [
                1,
              ]))))))))))),
              rest: [],
            ),
            rest: [],
          )),
        ])))))),
        rest: [],
      ),
      rest: [],
    )))),
    Statement(Expression(LogicOr(LogicOr(
      first: LogicAnd(
        first: Value(Value(Value(Value(Value(Call(Value(Atom(Identifier(Identifier(
          name: "println",
        )))), [
          LogicOr(LogicOr(
            first: LogicAnd(
              first: Eq(Value(Value(Value(Value(Value(Value(Atom(Literal(Integer((0, [])))))))))), Value(Value(Value(Value(Value(Atom(Literal(Integer((1, [
                1,
              ])))))))))),
              rest: [],
            ),
            rest: [],
          )),
        ])))))),
        rest: [],
      ),
      rest: [],
    )))),
    Statement(Expression(LogicOr(LogicOr(
      first: LogicAnd(
        first: Value(Value(Value(Value(Value(Call(Value(Atom(Identifier(Identifier(
          name: "println",
        )))), [
          LogicOr(LogicOr(
            first: LogicAnd(
              first: Ne(Value(Value(Value(Value(Value(Value(Atom(Literal(Integer((0, [])))))))))), Value(Value(Value(Value(Value(Atom(Literal(Integer((1, [
                1,
              ])))))))))),
              rest: [],
            ),
            rest: [],
          )),
        ])))))),
        rest: [],
      ),
      rest: [],
    )))),
    Statement(Expression(LogicOr(LogicOr(
      first: LogicAnd(
        first: Value(Value(Value(Value(Value(Call(Value(Atom(Identifier(Identifier(
          name: "println",
        )))), [
          LogicOr(LogicOr(
            first: LogicAnd(
              first: Value(Lt(Value(Value(Value(Value(Value(Atom(Literal(Integer((0, []))))))))), Value(Value(Value(Value(Atom(Literal(Integer((1, [
                1,
              ])))))))))),
              rest: [],
            ),
            rest: [],
          )),
        ])))))),
        rest: [],
      ),
      rest: [],
    )))),
    Statement(Expression(LogicOr(LogicOr(
      first: LogicAnd(
        first: Value(Value(Value(Value(Value(Call(Value(Atom(Identifier(Identifier(
          name: "println",
        )))), [
          LogicOr(LogicOr(
            first: LogicAnd(
              first: Value(Le(Value(Value(Value(Value(Value(Atom(Literal(Integer((0, []))))))))), Value(Value(Value(Value(Atom(Literal(Integer((1, [
                1,
              ])))))))))),
              rest: [],
            ),
            rest: [],
          )),
        ])))))),
        rest: [],
      ),
      rest: [],
    )))),
    Statement(Expression(LogicOr(LogicOr(
      first: LogicAnd(
        first: Value(Value(Value(Value(Value(Call(Value(Atom(Identifier(Identifier(
          name: "println",
        )))), [
          LogicOr(LogicOr(
            first: LogicAnd(
              first: Value(Gt(Value(Value(Value(Value(Value(Atom(Literal(Integer((0, []))))))))), Value(Value(Value(Value(Atom(Literal(Integer((1, [
                1,
              ])))))))))),
              rest: [],
            ),
            rest: [],
          )),
        ])))))),
        rest: [],
      ),
      rest: [],
    )))),
    Statement(Expression(LogicOr(LogicOr(
      first: LogicAnd(
        first: Value(Value(Value(Value(Value(Call(Value(Atom(Identifier(Identifier(
          name: "println",
        )))), [
          LogicOr(LogicOr(
            first: LogicAnd(
              first: Value(Ge(Value(Value(Value(Value(Value(Atom(Literal(Integer((0, []))))))))), Value(Value(Value(Value(Atom(Literal(Integer((1, [
                1,
              ])))))))))),
              rest: [],
            ),
            rest: [],
          )),
        ])))))),
        rest: [],
      ),
      rest: [],
    )))),
  ],
)
