---
source: src/lib.rs
description: "type OpenStruct;\n\nlet this = OpenStruct{\n    a = \"a\",\n};\nthis.b = \"b\";\n\nprintln(OpenStruct);\nprintln(this);\nprintln(this.a);\nprintln(this.b);\n"
input_file: test_programs/empty_type.blis
---
<type OpenStruct 0x000000000001>
<instance of OpenStruct 0x000000000002>
a
b
