---
source: src/lib.rs
description: "func main() {\n    let x = 0;\n    loop twice {\n        if x >= 2 {\n            break;\n        }\n\n        println(\"twice before\", x);\n        x = x + 1;\n        println(\"twice after \", x);\n    }\n    println(\"out of twice\", x);\n\n    loop outer {\n        if x < 0 {\n            println(\"break outer\", x);\n            break;\n        }\n\n        loop inner {\n            loop {\n                break;\n            }\n\n            if x > 2 {\n                println(\"break inner\", x);\n                break;\n            }\n\n            println(\"inner before\", x);\n            x = x + 1;\n            println(\"inner after \", x);\n        }\n        println(\"out of inner\", x);\n        // x = 3\n\n        if x > 2 {\n            x = -1;\n            continue;\n        }\n\n        println(\"never happens\");\n        x = x - 1;\n    }\n    println(\"out of outer\", x);\n}\n\nmain();\n"
input_file: test_programs/loops.blis
---
twice before 0
twice after  1
twice before 1
twice after  2
out of twice 2
inner before 2
inner after  3
break inner 3
out of inner 3
break outer -1
out of outer -1
