---
source: src/compile.rs
description: "println(\"1\" + 1);\n"
input_file: test_programs/err_runtime/bad_math.blis
---
DisassembledChunk(
  constants: [
    String("1"),
    Rational(((1, [
      1,
    ]), (1, [
      1,
    ]))),
  ],
  globals: [
    "println",
  ],
  code: [
    GetGlobal(0),
    Constant(0),
    Constant(1),
    Add,
    Call(1),
    Pop,
    Nil,
    Return,
  ],
)
